✔ schema exact bytes match frozen version and builder output (3.72664ms)
✔ native PPTX EMU to layout mm remains UNSCALED and valid (5.855886ms)
✔ validation preserves entire original object including native geometry (1.061699ms)
✔ 36000 EMU exactly 1 layout mm and 914400 EMU 25.4 (0.142541ms)
✔ PDF UserUnit twice, never raster viewport factor (2.615081ms)
✔ unknown physical source PX/UNSCALED has no layout mm conversion (0.577295ms)
✔ ordinary native photo pixel geometry stays unscaled (1.233214ms)
✔ paper mm requires explicit scale evidence when source pixels only (1.380176ms)
✔ unitless cannot be silently converted to physical (0.556937ms)
✔ EMU→MM to REAL_WORLD rejects missing calibrated coverage (0.970691ms)
✔ explicit scoped Human calibration permits real-world coordinates only in scope (0.946975ms)
✔ calibration ratio contradiction fails closed (0.945556ms)
✔ calibration evidence missing is rejected (1.017244ms)
✔ calibration is not an absolute truth claim (2.0837ms)
✔ unknown version rejects rather than migrate (0.4167ms)
✔ missing sourceBinding rejects (0.479931ms)
✔ asset hash mismatch rejects (0.414121ms)
✔ page/source asset mismatch rejects (0.437877ms)
✔ same native ID same page same part collision rejects (0.51871ms)
✔ same native object ID distinct part identities accepted (0.85293ms)
✔ generic visible 1000 text not promoted into dimension semantic (1.127971ms)
✔ dimension primitive rejected by common primitive vocabulary (0.541982ms)
✔ nonfinite coordinates rejected before any mutation (0.151421ms)
✔ infinite transform rejected (0.073619ms)
✔ non-JSON prototype and cyclic object rejected (0.147964ms)
✔ unsafe EMU integer/native lexeme rounding rejected (0.508206ms)
✔ decimal EMU native integer rejected (0.749167ms)
✔ native lexeme/value mismatch rejected (0.509568ms)
✔ frame unit-role mismatch rejects (0.436714ms)
✔ PDF UserUnit cannot be attached to EMU (0.345983ms)
✔ layout mm factor must use 1/36000 not display 1200 normalizer (0.433521ms)
✔ unit enum strict case rejects accidental lower-case mapping (0.580967ms)
✔ group composition next×previous independent expected coordinates (0.371455ms)
✔ negative-direction native line endpoints are preserved (0.49698ms)
✔ zero width line geometry endpoint accepted as native (0.518631ms)
✔ source-to-target transform chain must connect (0.570344ms)
✔ singular transform rejected (0.602089ms)
✔ invertibility false cannot pass serialized transform (0.675951ms)
✔ homography with denominator pole across region rejected (0.937999ms)
✔ missing transform frame rejected (0.656192ms)
✔ changed derived endpoint cannot be claimed exact retention (0.425433ms)
✔ native polyline distinct geometry retained (0.664552ms)
✔ native rect distinct geometry retained (1.790214ms)
✔ native polygon distinct geometry retained (0.506854ms)
✔ native circle distinct geometry retained (0.358224ms)
✔ native ellipse distinct geometry retained (0.373755ms)
✔ native arc distinct geometry retained (0.369142ms)
✔ native text distinct geometry retained (0.375316ms)
✔ open polyline cannot silently become closed (0.871463ms)
✔ text content and newline preservation reject mismatch (0.570782ms)
✔ source inventory omission rejects even with apparent object success (0.931715ms)
✔ supported geometry component drops reject (0.651334ms)
✔ duplicate source component ledger rejects (0.715773ms)
✔ unsupported source explicitly retained, partial target allowed (1.28607ms)
✔ unsupported reason or Human action missing rejects (0.532718ms)
✔ container distinct denominator, no geometry output required (0.8268ms)
✔ target full required part denominator cannot be narrowed (0.309161ms)
✔ target part must have emitted editable entity (3.705851ms)
✔ target ledger omission rejects (0.536647ms)
✔ duplicate target entity identity rejects (0.620736ms)
✔ target entity must map to represented source object (2.368696ms)
✔ missing relationship object rejects (0.386875ms)
✔ unmeasured confidence must remain null, not zero (0.320674ms)
✔ unknown custom schema fields not auto adopted (0.329828ms)
✔ semantic color extraction evidence cannot establish electrical meaning (0.65552ms)
✔ native-number empty list cannot bypass EMU coordinate preservation (0.520983ms)
✔ native number path must resolve actual native geometry value (0.899111ms)
✔ native source frame unit cannot be replaced by UNSCALED (0.723477ms)
✔ object source frame SOURCE role required (0.494964ms)
✔ source frame must be for object source page (0.582588ms)
✔ calibration observed unit must match source frame (0.508947ms)
✔ arbitrary extraction Evidence does not prove calibration provenance (0.438398ms)
✔ calibration reference part must be inventoried original source (0.963682ms)
✔ affine rotated rect cannot falsely retain one bbox diagonal (0.772886ms)
✔ sheared rect with identical diagonal rejects false representation (0.441465ms)
✔ rotated rect represented by exact polygon quad preserves all corners (0.952906ms)
✔ rotated ellipse anisotropic scaling cannot use naive radii×sx/sy (0.401198ms)
✔ native geometry outside valid homography region rejected (2.264297ms)
✔ small arithmetic mismatch beyond floating error bound rejected (0.369236ms)
✔ schema structure may pass but semantic calibration gate must fail (1.062434ms)
✔ all emitted schema keywords belong to validated supported subset (0.878092ms)
✔ schema and runtime structure reject same required enum range refs and extension mutations (5.775182ms)
✔ calibration scope exclusion cannot grant whole-document real-world permission (1.723585ms)
✔ inventory parent cycles fail closed (1.593265ms)
✔ relationships require Evidence method for KNOWN but honest UNKNOWN keeps scope (2.172418ms)
✔ group parent-child native transform chain retains native values then layout mm (1.434374ms)
ℹ tests 86
ℹ suites 0
ℹ pass 86
ℹ fail 0
ℹ cancelled 0
ℹ skipped 0
ℹ todo 0
ℹ duration_ms 235.647516
