
Welcome to Gradle 8.14.3!

Here are the highlights of this release:
 - Java 24 support
 - GraalVM Native Image toolchain selection
 - Enhancements to test reporting
 - Build Authoring improvements

For more details see https://docs.gradle.org/8.14.3/release-notes.html

To honour the JVM settings for this build a single-use Daemon process will be forked. For more on this, please refer to https://docs.gradle.org/8.14.3/userguide/gradle_daemon.html#sec:disabling_the_daemon in the Gradle documentation.
Daemon will be stopped at the end of the build 

> Configure project :app
WARNING: Using flatDir should be avoided because it doesn't support any meta-data formats.

> Configure project :capacitor-cordova-android-plugins
WARNING: Using flatDir should be avoided because it doesn't support any meta-data formats.

> Task :app:tasks

------------------------------------------------------------
Tasks runnable from project ':app'
------------------------------------------------------------

Android tasks
-------------
androidDependencies - Displays the Android dependencies of the project.
signingReport - Displays the signing info for the base and test modules
sourceSets - Prints out all the source sets defined in this project.

Build tasks
-----------
assemble - Assemble main outputs for all the variants.
assembleAndroidTest - Assembles all the Test applications.
assembleUnitTest - Assembles all the unit test applications.
build - Assembles and tests this project.
buildDependents - Assembles and tests this project and all projects that depend on it.
buildNeeded - Assembles and tests this project and all projects it depends on.
bundle - Assemble bundles for all the variants.
clean - Deletes the build directory.
compileDebugAndroidTestSources
compileDebugSources
compileDebugUnitTestSources
compileReleaseSources
compileReleaseUnitTestSources

Help tasks
----------
artifactTransforms - Displays the Artifact Transforms that can be executed in project ':app'.
buildEnvironment - Displays all buildscript dependencies declared in project ':app'.
dependencies - Displays all dependencies declared in project ':app'.
dependencyInsight - Displays the insight into a specific dependency in project ':app'.
help - Displays a help message.
javaToolchains - Displays the detected java toolchains.
outgoingVariants - Displays the outgoing variants of project ':app'.
projects - Displays the sub-projects of project ':app'.
properties - Displays the properties of project ':app'.
resolvableConfigurations - Displays the configurations that can be resolved in project ':app'.
tasks - Displays the tasks runnable from project ':app'.

Install tasks
-------------
installDebug - Installs the Debug build.
installDebugAndroidTest - Installs the android (on device) tests for the Debug build.
uninstallAll - Uninstall all applications.
uninstallDebug - Uninstalls the Debug build.
uninstallDebugAndroidTest - Uninstalls the android (on device) tests for the Debug build.
uninstallRelease - Uninstalls the Release build.

Verification tasks
------------------
check - Runs all checks.
checkJetifier - Checks whether Jetifier is needed for the current project
connectedAndroidTest - Installs and runs instrumentation tests for all flavors on connected devices.
connectedCheck - Runs all device checks on currently connected devices.
connectedDebugAndroidTest - Installs and runs the tests for debug on connected devices.
deviceAndroidTest - Installs and runs instrumentation tests using all Device Providers.
deviceCheck - Runs all device checks using Device Providers and Test Servers.
lint - Runs lint on the default variant.
lintDebug - Print text output from the corresponding lint report task
lintFix - Runs lint on the default variant and applies any safe suggestions to the source code.
lintRelease - Print text output from the corresponding lint report task
lintVitalRelease - Print text output from the corresponding lint report task
test - Run unit tests for all variants.
testDebugUnitTest - Run unit tests for the debug build.
testReleaseUnitTest - Run unit tests for the release build.
updateLintBaseline - Updates the lint baseline using the default variant.

Other tasks
-----------
analyzeDebugAndroidTestDependencies
analyzeDebugDependencies
analyzeDebugUnitTestDependencies
analyzeReleaseDependencies
analyzeReleaseUnitTestDependencies
asarToCompatSplitsForDebug
asarToCompatSplitsForRelease
assembleDebug - Assembles main output for variant debug
assembleDebugAndroidTest - Assembles main output for variant debugAndroidTest
assembleDebugUnitTest - Assembles main output for variant debugUnitTest
assembleRelease - Assembles main output for variant release
assembleReleaseUnitTest - Assembles main output for variant releaseUnitTest
buildDebugPreBundle
buildReleasePreBundle
bundleDebug - Assembles bundle for variant debug
bundleDebugClassesToCompileJar
bundleDebugClassesToRuntimeJar
bundleDebugResources
bundleRelease - Assembles bundle for variant release
bundleReleaseClassesToCompileJar
bundleReleaseClassesToRuntimeJar
bundleReleaseResources
checkDebugAarMetadata
checkDebugAndroidTestAarMetadata
checkDebugAndroidTestDuplicateClasses
checkDebugDuplicateClasses
checkDebugManifest
checkReleaseAarMetadata
checkReleaseDuplicateClasses
checkReleaseManifest
collectReleaseDependencies
compileDebugAndroidTestJavaWithJavac
compileDebugAndroidTestNavigationResources
compileDebugAndroidTestShaders
compileDebugArtProfile
compileDebugJavaWithJavac
compileDebugNavigationResources
compileDebugShaders
compileDebugUnitTestJavaWithJavac
compileLint
compileLintChecks
compileReleaseArtProfile
compileReleaseJavaWithJavac
compileReleaseNavigationResources
compileReleaseShaders
compileReleaseUnitTestJavaWithJavac
components - Displays the components produced by project ':app'. [deprecated]
compressDebugAndroidTestAssets
compressDebugAssets
compressReleaseAssets
configureReleaseDependencies
consumeConfigAttr
createDebugAndroidTestApkListingFileRedirect
createDebugApkListingFileRedirect
createDebugApksFromBundleListingFileRedirect
createDebugBundleListingFileRedirect
createDebugCompatibleScreenManifests
createMockableJar
createReleaseApkListingFileRedirect
createReleaseApksFromBundleListingFileRedirect
createReleaseBundleListingFileRedirect
createReleaseCompatibleScreenManifests
dependentComponents - Displays the dependent components of components in project ':app'. [deprecated]
desugarDebugAndroidTestFileDependencies
desugarDebugFileDependencies
desugarReleaseFileDependencies
dexBuilderDebug
dexBuilderDebugAndroidTest
dexBuilderRelease
extractApksForDebug
extractApksForRelease
extractApksFromBundleForDebug
extractApksFromBundleForRelease
extractDebugNativeDebugMetadata
extractDebugNativeSymbolTables
extractDeepLinksDebug
extractDeepLinksRelease
extractProguardFiles
extractReleaseNativeDebugMetadata
extractReleaseNativeSymbolTables
extractReleaseVersionControlInfo
generateDebugAndroidTestAssets
generateDebugAndroidTestLintModel
generateDebugAndroidTestResources
generateDebugAndroidTestResValues
generateDebugAndroidTestSources
generateDebugAssets
generateDebugFeatureMetadata
generateDebugFeatureTransitiveDeps
generateDebugLintModel
generateDebugLintReportModel
generateDebugManifestClass
generateDebugResources
generateDebugResValues
generateDebugSources
generateDebugUnitTestAssets
generateDebugUnitTestLintModel
generateDebugUnitTestResources
generateDebugUnitTestSources
generateReleaseAssets
generateReleaseFeatureMetadata
generateReleaseFeatureTransitiveDeps
generateReleaseLintModel
generateReleaseLintReportModel
generateReleaseLintVitalReportModel
generateReleaseManifestClass
generateReleaseResources
generateReleaseResValues
generateReleaseSources
generateReleaseUnitTestAssets
generateReleaseUnitTestLintModel
generateReleaseUnitTestResources
generateReleaseUnitTestSources
javaPreCompileDebug
javaPreCompileDebugAndroidTest
javaPreCompileDebugUnitTest
javaPreCompileRelease
javaPreCompileReleaseUnitTest
lintAnalyzeDebug - Run lint analysis on the debug component
lintAnalyzeDebugAndroidTest - Run lint analysis on the debugAndroidTest component
lintAnalyzeDebugUnitTest - Run lint analysis on the debugUnitTest component
lintAnalyzeRelease - Run lint analysis on the release component
lintAnalyzeReleaseUnitTest - Run lint analysis on the releaseUnitTest component
lintFixDebug - Fix lint on the debug variant
lintFixRelease - Fix lint on the release variant
lintReportDebug - Run lint on the debug variant
lintReportRelease - Run lint on the release variant
lintVitalAnalyzeRelease - Run lint analysis with only the fatal issues enabled 
lintVitalReportRelease - Run lint with only the fatal issues enabled on the release variant
makeApkFromBundleForDebug
makeApkFromBundleForRelease
mapDebugAndroidTestSourceSetPaths
mapDebugSourceSetPaths
mapReleaseSourceSetPaths
mergeDebugAndroidTestAssets
mergeDebugAndroidTestGeneratedProguardFiles
mergeDebugAndroidTestGlobalSynthetics
mergeDebugAndroidTestJavaResource
mergeDebugAndroidTestJniLibFolders
mergeDebugAndroidTestNativeLibs
mergeDebugAndroidTestResources
mergeDebugAndroidTestShaders
mergeDebugArtProfile
mergeDebugAssets
mergeDebugGeneratedProguardFiles
mergeDebugGlobalSynthetics
mergeDebugJavaResource
mergeDebugJniLibFolders
mergeDebugNativeDebugMetadata
mergeDebugNativeLibs
mergeDebugResources
mergeDebugShaders
mergeDebugStartupProfile
mergeDexRelease
mergeExtDexDebug
mergeExtDexDebugAndroidTest
mergeExtDexRelease
mergeLibDexDebug
mergeLibDexDebugAndroidTest
mergeProjectDexDebug
mergeProjectDexDebugAndroidTest
mergeReleaseArtProfile
mergeReleaseAssets
mergeReleaseGeneratedProguardFiles
mergeReleaseGlobalSynthetics
mergeReleaseJavaResource
mergeReleaseJniLibFolders
mergeReleaseNativeDebugMetadata
mergeReleaseNativeLibs
mergeReleaseResources
mergeReleaseShaders
mergeReleaseStartupProfile
model - Displays the configuration model of project ':app'. [deprecated]
optimizeReleaseResources
packageDebug
packageDebugAndroidTest
packageDebugBundle
packageDebugResources
packageDebugUniversalApk
packageRelease
packageReleaseBundle
packageReleaseResources
packageReleaseUniversalApk
parseDebugIntegrityConfig
parseDebugLocalResources
parseReleaseIntegrityConfig
parseReleaseLocalResources
preBuild
preDebugAndroidTestBuild
preDebugBuild
preDebugUnitTestBuild
prepareLintJarForPublish
preReleaseBuild
preReleaseUnitTestBuild
processApplicationManifestDebugForBundle
processApplicationManifestReleaseForBundle
processDebugAndroidTestJavaRes
processDebugAndroidTestManifest
processDebugAndroidTestNavigationResources
processDebugAndroidTestResources
processDebugJavaRes
processDebugMainManifest
processDebugManifest
processDebugManifestForPackage
processDebugNavigationResources
processDebugResources
processDebugUnitTestJavaRes
processManifestDebugForFeature
processManifestReleaseForFeature
processReleaseJavaRes
processReleaseMainManifest
processReleaseManifest
processReleaseManifestForPackage
processReleaseNavigationResources
processReleaseResources
processReleaseUnitTestJavaRes
produceDebugBundleIdeListingFile
produceReleaseBundleIdeListingFile
resolveConfigAttr
sdkReleaseDependencyData
signDebugBundle
signingConfigWriterDebug
signingConfigWriterDebugAndroidTest
signingConfigWriterRelease
signReleaseBundle
stripDebugAndroidTestDebugSymbols
stripDebugDebugSymbols
stripReleaseDebugSymbols
updateLintBaselineDebug - Update the lint baseline using the debug variant
updateLintBaselineRelease - Update the lint baseline using the release variant
validateSigningDebug
validateSigningDebugAndroidTest
writeDebugAndroidTestSigningConfigVersions
writeDebugApplicationId
writeDebugAppMetadata
writeDebugModuleMetadata
writeDebugSigningConfigVersions
writeReleaseApplicationId
writeReleaseAppMetadata
writeReleaseModuleMetadata
writeReleaseSigningConfigVersions
zipApksForDebug
zipApksForRelease

Rules
-----
Pattern: clean<TaskName>: Cleans the output files of a task.
Pattern: build<ConfigurationName>: Assembles the artifacts of a configuration.
gradle/actions: Writing build results to /home/runner/work/_temp/.gradle-actions/build-results/__run-1791246493426.json

BUILD SUCCESSFUL in 43s
1 actionable task: 1 executed
