To honour the JVM settings for this build a single-use Daemon process will be forked. For more on this, please refer to https://docs.gradle.org/8.14.3/userguide/gradle_daemon.html#sec:disabling_the_daemon in the Gradle documentation.
Daemon will be stopped at the end of the build 

> Configure project :app
WARNING: Using flatDir should be avoided because it doesn't support any meta-data formats.

> Configure project :capacitor-cordova-android-plugins
WARNING: Using flatDir should be avoided because it doesn't support any meta-data formats.

> Task :app:preBuild UP-TO-DATE
> Task :app:preDebugBuild UP-TO-DATE
> Task :capacitor-android:preBuild UP-TO-DATE
> Task :capacitor-android:preDebugBuild UP-TO-DATE
> Task :capacitor-app:preBuild UP-TO-DATE
> Task :capacitor-app:preDebugBuild UP-TO-DATE
> Task :capacitor-camera:preBuild UP-TO-DATE
> Task :capacitor-camera:preDebugBuild UP-TO-DATE
> Task :capacitor-app:writeDebugAarMetadata
> Task :capacitor-android:writeDebugAarMetadata
> Task :capacitor-camera:writeDebugAarMetadata
> Task :capacitor-cordova-android-plugins:preBuild UP-TO-DATE
> Task :app:javaPreCompileDebug
> Task :capacitor-cordova-android-plugins:preDebugBuild UP-TO-DATE
> Task :capacitor-filesystem:preBuild UP-TO-DATE
> Task :capacitor-filesystem:preDebugBuild UP-TO-DATE
> Task :capacitor-cordova-android-plugins:writeDebugAarMetadata
> Task :capacitor-keyboard:preBuild UP-TO-DATE
> Task :capacitor-keyboard:preDebugBuild UP-TO-DATE
> Task :capacitor-filesystem:writeDebugAarMetadata
> Task :capacitor-share:preBuild UP-TO-DATE
> Task :capacitor-share:preDebugBuild UP-TO-DATE
> Task :capacitor-keyboard:writeDebugAarMetadata
> Task :capacitor-splash-screen:preBuild UP-TO-DATE
> Task :capacitor-splash-screen:preDebugBuild UP-TO-DATE
> Task :capacitor-share:writeDebugAarMetadata
> Task :capacitor-status-bar:preBuild UP-TO-DATE
> Task :capacitor-splash-screen:writeDebugAarMetadata
> Task :capacitor-status-bar:preDebugBuild UP-TO-DATE
> Task :capacitor-status-bar:writeDebugAarMetadata
> Task :capacitor-android:processDebugNavigationResources
> Task :app:checkDebugAarMetadata
> Task :capacitor-app:processDebugNavigationResources
> Task :capacitor-camera:processDebugNavigationResources
> Task :capacitor-cordova-android-plugins:processDebugNavigationResources
> Task :capacitor-filesystem:processDebugNavigationResources
> Task :capacitor-keyboard:processDebugNavigationResources
> Task :capacitor-share:processDebugNavigationResources
> Task :capacitor-splash-screen:processDebugNavigationResources
> Task :capacitor-status-bar:processDebugNavigationResources
> Task :app:processDebugNavigationResources
> Task :app:generateDebugResValues
> Task :app:compileDebugNavigationResources
> Task :capacitor-android:generateDebugResValues
> Task :capacitor-android:generateDebugResources
> Task :capacitor-android:packageDebugResources
> Task :capacitor-app:generateDebugResValues
> Task :capacitor-app:generateDebugResources
> Task :capacitor-app:packageDebugResources
> Task :capacitor-camera:generateDebugResValues
> Task :capacitor-camera:generateDebugResources
> Task :capacitor-camera:packageDebugResources
> Task :capacitor-cordova-android-plugins:generateDebugResValues
> Task :capacitor-cordova-android-plugins:generateDebugResources
> Task :capacitor-cordova-android-plugins:packageDebugResources
> Task :capacitor-filesystem:generateDebugResValues
> Task :capacitor-filesystem:generateDebugResources
> Task :capacitor-filesystem:packageDebugResources
> Task :capacitor-keyboard:generateDebugResValues
> Task :capacitor-keyboard:generateDebugResources
> Task :capacitor-keyboard:packageDebugResources
> Task :capacitor-share:generateDebugResValues
> Task :capacitor-share:generateDebugResources
> Task :capacitor-share:packageDebugResources
> Task :capacitor-splash-screen:generateDebugResValues
> Task :capacitor-splash-screen:generateDebugResources
> Task :capacitor-splash-screen:packageDebugResources
> Task :capacitor-status-bar:generateDebugResValues
> Task :capacitor-status-bar:generateDebugResources
> Task :capacitor-status-bar:packageDebugResources
> Task :app:mapDebugSourceSetPaths
> Task :app:generateDebugResources
> Task :app:packageDebugResources
> Task :app:mergeDebugResources
> Task :app:createDebugCompatibleScreenManifests
> Task :app:extractDeepLinksDebug
> Task :capacitor-android:extractDeepLinksDebug
> Task :capacitor-app:extractDeepLinksDebug
> Task :capacitor-camera:extractDeepLinksDebug
> Task :app:parseDebugLocalResources
> Task :capacitor-cordova-android-plugins:extractDeepLinksDebug
> Task :capacitor-app:processDebugManifest
> Task :capacitor-android:processDebugManifest
> Task :capacitor-cordova-android-plugins:processDebugManifest
> Task :capacitor-camera:processDebugManifest
> Task :capacitor-filesystem:extractDeepLinksDebug
> Task :capacitor-filesystem:processDebugManifest
> Task :capacitor-keyboard:extractDeepLinksDebug
> Task :capacitor-keyboard:processDebugManifest
> Task :capacitor-share:extractDeepLinksDebug
> Task :capacitor-splash-screen:extractDeepLinksDebug
> Task :capacitor-share:processDebugManifest
> Task :capacitor-status-bar:extractDeepLinksDebug
> Task :capacitor-splash-screen:processDebugManifest
> Task :capacitor-status-bar:processDebugManifest
> Task :capacitor-android:compileDebugLibraryResources
> Task :app:processDebugMainManifest
> Task :app:processDebugManifest
> Task :capacitor-app:compileDebugLibraryResources
> Task :app:processDebugManifestForPackage
> Task :capacitor-camera:compileDebugLibraryResources
> Task :capacitor-app:parseDebugLocalResources
> Task :capacitor-cordova-android-plugins:compileDebugLibraryResources
> Task :capacitor-android:parseDebugLocalResources
> Task :capacitor-camera:parseDebugLocalResources
> Task :capacitor-cordova-android-plugins:parseDebugLocalResources
> Task :capacitor-app:generateDebugRFile
> Task :capacitor-camera:generateDebugRFile
> Task :capacitor-android:generateDebugRFile
> Task :capacitor-filesystem:compileDebugLibraryResources
> Task :capacitor-cordova-android-plugins:generateDebugRFile
> Task :capacitor-keyboard:compileDebugLibraryResources
> Task :capacitor-filesystem:parseDebugLocalResources
> Task :capacitor-share:compileDebugLibraryResources
> Task :capacitor-keyboard:parseDebugLocalResources
> Task :capacitor-filesystem:generateDebugRFile
> Task :capacitor-splash-screen:compileDebugLibraryResources
> Task :capacitor-share:parseDebugLocalResources
> Task :capacitor-keyboard:generateDebugRFile
> Task :capacitor-status-bar:compileDebugLibraryResources
> Task :capacitor-share:generateDebugRFile
> Task :capacitor-splash-screen:parseDebugLocalResources
> Task :capacitor-android:javaPreCompileDebug
> Task :capacitor-app:javaPreCompileDebug
> Task :capacitor-status-bar:parseDebugLocalResources
> Task :capacitor-splash-screen:generateDebugRFile

> Task :capacitor-android:compileDebugJavaWithJavac
Note: Some input files use unchecked or unsafe operations.
Note: Recompile with -Xlint:unchecked for details.

> Task :capacitor-status-bar:generateDebugRFile
> Task :capacitor-android:bundleLibCompileToJarDebug
> Task :capacitor-app:compileDebugJavaWithJavac
> Task :capacitor-camera:checkKotlinGradlePluginConfigurationErrors SKIPPED
> Task :capacitor-app:bundleLibCompileToJarDebug
> Task :app:processDebugResources
> Task :capacitor-filesystem:checkKotlinGradlePluginConfigurationErrors SKIPPED
> Task :capacitor-camera:javaPreCompileDebug
> Task :capacitor-cordova-android-plugins:javaPreCompileDebug
> Task :capacitor-cordova-android-plugins:compileDebugJavaWithJavac NO-SOURCE
> Task :capacitor-cordova-android-plugins:bundleLibCompileToJarDebug
> Task :capacitor-filesystem:javaPreCompileDebug
> Task :capacitor-keyboard:javaPreCompileDebug
> Task :capacitor-share:javaPreCompileDebug
> Task :capacitor-keyboard:compileDebugJavaWithJavac
> Task :capacitor-keyboard:bundleLibCompileToJarDebug
> Task :capacitor-share:compileDebugJavaWithJavac
> Task :capacitor-share:bundleLibCompileToJarDebug
> Task :capacitor-splash-screen:javaPreCompileDebug
> Task :capacitor-status-bar:javaPreCompileDebug
> Task :capacitor-splash-screen:compileDebugJavaWithJavac
> Task :capacitor-splash-screen:bundleLibCompileToJarDebug
> Task :capacitor-status-bar:compileDebugJavaWithJavac
> Task :app:preDebugAndroidTestBuild SKIPPED
> Task :capacitor-status-bar:bundleLibCompileToJarDebug
> Task :app:javaPreCompileDebugAndroidTest
> Task :app:checkDebugAndroidTestAarMetadata
> Task :app:processDebugAndroidTestNavigationResources
> Task :app:compileDebugAndroidTestNavigationResources
> Task :app:generateDebugAndroidTestResValues
> Task :app:mapDebugAndroidTestSourceSetPaths
> Task :app:generateDebugAndroidTestResources
> Task :app:mergeDebugAndroidTestResources
> Task :app:processDebugAndroidTestManifest
> Task :app:processDebugAndroidTestResources
> Task :capacitor-camera:compileDebugKotlin
> Task :capacitor-filesystem:compileDebugKotlin
> Task :capacitor-camera:compileDebugJavaWithJavac
> Task :capacitor-filesystem:compileDebugJavaWithJavac NO-SOURCE
> Task :capacitor-camera:bundleLibCompileToJarDebug
> Task :capacitor-filesystem:bundleLibCompileToJarDebug
> Task :app:compileDebugJavaWithJavac
> Task :app:bundleDebugClassesToCompileJar
> Task :app:compileDebugAndroidTestJavaWithJavac
gradle/actions: Writing build results to /home/runner/work/_temp/.gradle-actions/build-results/__run-1791246534498.json

[Incubating] Problems report is available at: file:///home/runner/work/dksc-camera-001-test/dksc-camera-001-test/prototype/vdraw-mobile-007/android/build/reports/problems/problems-report.html

BUILD SUCCESSFUL in 1m 10s
146 actionable tasks: 146 executed
